------------------------------------------------------------
TimeQuest Timing Analyzer Summary
------------------------------------------------------------

Type  : Slow Model Setup 'vga_sync:u1|h_count[0]'
Slack : -8.265
TNS   : -199.233

Type  : Slow Model Setup 'CLOCK_50'
Slack : -2.954
TNS   : -57.801

Type  : Slow Model Setup 'clk_60hz:comb_111|q'
Slack : -2.923
TNS   : -502.754

Type  : Slow Model Setup 'p1|altpll_component|pll|clk[0]'
Slack : -2.741
TNS   : -50.602

Type  : Slow Model Setup 'Rocks_Man:comb_167|Clk2sec:comb_8|q'
Slack : -0.577
TNS   : -1.441

Type  : Slow Model Setup 'CLOCK_27'
Slack : 33.457
TNS   : 0.000

Type  : Slow Model Hold 'vga_sync:u1|h_count[0]'
Slack : -0.409
TNS   : -2.028

Type  : Slow Model Hold 'p1|altpll_component|pll|clk[0]'
Slack : 0.340
TNS   : 0.000

Type  : Slow Model Hold 'CLOCK_50'
Slack : 0.391
TNS   : 0.000

Type  : Slow Model Hold 'clk_60hz:comb_111|q'
Slack : 0.391
TNS   : 0.000

Type  : Slow Model Hold 'Rocks_Man:comb_167|Clk2sec:comb_8|q'
Slack : 0.414
TNS   : 0.000

Type  : Slow Model Hold 'CLOCK_27'
Slack : 0.801
TNS   : 0.000

Type  : Slow Model Recovery 'p1|altpll_component|pll|clk[0]'
Slack : -4.453
TNS   : -90.338

Type  : Slow Model Recovery 'clk_60hz:comb_111|q'
Slack : -2.123
TNS   : -28.336

Type  : Slow Model Removal 'clk_60hz:comb_111|q'
Slack : 2.165
TNS   : 0.000

Type  : Slow Model Removal 'p1|altpll_component|pll|clk[0]'
Slack : 3.479
TNS   : 0.000

Type  : Slow Model Minimum Pulse Width 'CLOCK_50'
Slack : -1.380
TNS   : -22.380

Type  : Slow Model Minimum Pulse Width 'clk_60hz:comb_111|q'
Slack : -0.500
TNS   : -231.000

Type  : Slow Model Minimum Pulse Width 'vga_sync:u1|h_count[0]'
Slack : -0.500
TNS   : -27.000

Type  : Slow Model Minimum Pulse Width 'Rocks_Man:comb_167|Clk2sec:comb_8|q'
Slack : -0.500
TNS   : -4.000

Type  : Slow Model Minimum Pulse Width 'CLOCK_27'
Slack : 17.518
TNS   : 0.000

Type  : Slow Model Minimum Pulse Width 'p1|altpll_component|pll|clk[0]'
Slack : 18.841
TNS   : 0.000

Type  : Fast Model Setup 'vga_sync:u1|h_count[0]'
Slack : -3.141
TNS   : -74.746

Type  : Fast Model Setup 'p1|altpll_component|pll|clk[0]'
Slack : -1.403
TNS   : -25.841

Type  : Fast Model Setup 'clk_60hz:comb_111|q'
Slack : -0.933
TNS   : -144.478

Type  : Fast Model Setup 'CLOCK_50'
Slack : -0.891
TNS   : -16.642

Type  : Fast Model Setup 'Rocks_Man:comb_167|Clk2sec:comb_8|q'
Slack : 0.181
TNS   : 0.000

Type  : Fast Model Setup 'CLOCK_27'
Slack : 35.360
TNS   : 0.000

Type  : Fast Model Hold 'vga_sync:u1|h_count[0]'
Slack : -0.753
TNS   : -5.191

Type  : Fast Model Hold 'Rocks_Man:comb_167|Clk2sec:comb_8|q'
Slack : 0.211
TNS   : 0.000

Type  : Fast Model Hold 'CLOCK_50'
Slack : 0.215
TNS   : 0.000

Type  : Fast Model Hold 'clk_60hz:comb_111|q'
Slack : 0.215
TNS   : 0.000

Type  : Fast Model Hold 'p1|altpll_component|pll|clk[0]'
Slack : 0.215
TNS   : 0.000

Type  : Fast Model Hold 'CLOCK_27'
Slack : 0.359
TNS   : 0.000

Type  : Fast Model Recovery 'p1|altpll_component|pll|clk[0]'
Slack : -2.704
TNS   : -55.809

Type  : Fast Model Recovery 'clk_60hz:comb_111|q'
Slack : -0.615
TNS   : -6.588

Type  : Fast Model Removal 'clk_60hz:comb_111|q'
Slack : 1.165
TNS   : 0.000

Type  : Fast Model Removal 'p1|altpll_component|pll|clk[0]'
Slack : 2.233
TNS   : 0.000

Type  : Fast Model Minimum Pulse Width 'CLOCK_50'
Slack : -1.380
TNS   : -22.380

Type  : Fast Model Minimum Pulse Width 'clk_60hz:comb_111|q'
Slack : -0.500
TNS   : -231.000

Type  : Fast Model Minimum Pulse Width 'vga_sync:u1|h_count[0]'
Slack : -0.500
TNS   : -27.000

Type  : Fast Model Minimum Pulse Width 'Rocks_Man:comb_167|Clk2sec:comb_8|q'
Slack : -0.500
TNS   : -4.000

Type  : Fast Model Minimum Pulse Width 'CLOCK_27'
Slack : 17.518
TNS   : 0.000

Type  : Fast Model Minimum Pulse Width 'p1|altpll_component|pll|clk[0]'
Slack : 18.841
TNS   : 0.000

------------------------------------------------------------
