------------------------------------------------------------
TimeQuest Timing Analyzer Summary
------------------------------------------------------------

Type  : Slow Model Setup 'CLOCK_50'
Slack : -2.708
TNS   : -51.015

Type  : Slow Model Setup 'Spaceship:c1|clk_60hz:comb_3|q'
Slack : -1.460
TNS   : -6.493

Type  : Slow Model Setup 'CLOCK_27'
Slack : 33.435
TNS   : 0.000

Type  : Slow Model Setup 'p1|altpll_component|pll|clk[0]'
Slack : 35.500
TNS   : 0.000

Type  : Slow Model Hold 'CLOCK_50'
Slack : 0.391
TNS   : 0.000

Type  : Slow Model Hold 'p1|altpll_component|pll|clk[0]'
Slack : 0.391
TNS   : 0.000

Type  : Slow Model Hold 'CLOCK_27'
Slack : 0.744
TNS   : 0.000

Type  : Slow Model Hold 'Spaceship:c1|clk_60hz:comb_3|q'
Slack : 0.797
TNS   : 0.000

Type  : Slow Model Recovery 'p1|altpll_component|pll|clk[0]'
Slack : -4.729
TNS   : -101.735

Type  : Slow Model Removal 'p1|altpll_component|pll|clk[0]'
Slack : 4.307
TNS   : 0.000

Type  : Slow Model Minimum Pulse Width 'CLOCK_50'
Slack : -1.380
TNS   : -22.380

Type  : Slow Model Minimum Pulse Width 'Spaceship:c1|clk_60hz:comb_3|q'
Slack : -0.500
TNS   : -9.000

Type  : Slow Model Minimum Pulse Width 'CLOCK_27'
Slack : 17.518
TNS   : 0.000

Type  : Slow Model Minimum Pulse Width 'p1|altpll_component|pll|clk[0]'
Slack : 18.841
TNS   : 0.000

Type  : Fast Model Setup 'CLOCK_50'
Slack : -0.772
TNS   : -13.452

Type  : Fast Model Setup 'Spaceship:c1|clk_60hz:comb_3|q'
Slack : -0.102
TNS   : -0.102

Type  : Fast Model Setup 'CLOCK_27'
Slack : 35.348
TNS   : 0.000

Type  : Fast Model Setup 'p1|altpll_component|pll|clk[0]'
Slack : 37.801
TNS   : 0.000

Type  : Fast Model Hold 'CLOCK_50'
Slack : 0.215
TNS   : 0.000

Type  : Fast Model Hold 'p1|altpll_component|pll|clk[0]'
Slack : 0.215
TNS   : 0.000

Type  : Fast Model Hold 'CLOCK_27'
Slack : 0.334
TNS   : 0.000

Type  : Fast Model Hold 'Spaceship:c1|clk_60hz:comb_3|q'
Slack : 0.358
TNS   : 0.000

Type  : Fast Model Recovery 'p1|altpll_component|pll|clk[0]'
Slack : -2.818
TNS   : -60.839

Type  : Fast Model Removal 'p1|altpll_component|pll|clk[0]'
Slack : 2.614
TNS   : 0.000

Type  : Fast Model Minimum Pulse Width 'CLOCK_50'
Slack : -1.380
TNS   : -22.380

Type  : Fast Model Minimum Pulse Width 'Spaceship:c1|clk_60hz:comb_3|q'
Slack : -0.500
TNS   : -9.000

Type  : Fast Model Minimum Pulse Width 'CLOCK_27'
Slack : 17.518
TNS   : 0.000

Type  : Fast Model Minimum Pulse Width 'p1|altpll_component|pll|clk[0]'
Slack : 18.841
TNS   : 0.000

------------------------------------------------------------
